
> almoxarifado-desktop@1.0.0 tauri:build
> tauri build

node.exe :         Info Looking up installed tauri packages to check mismatched versions...
At line:1 char:1
+ & "C:\Program Files\nodejs/node.exe" "C:\Program Files\nodejs/node_mo ...
+ ~~~~~~~~~~~~~~~~~~~~~~~~~~~~~~~~~~~~~~~~~~~~~~~~~~~~~~~~~~~~~~~~~~~~~
    + CategoryInfo          : NotSpecified: (        Info Lo...hed versions...:String) [], Remot 
   eException
    + FullyQualifiedErrorId : NativeCommandError
 
     Running beforeBuildCommand `npm run build`

> almoxarifado-desktop@1.0.0 build
> tsc && vite build

[36mvite v5.4.21 [32mbuilding for production...[36m[39m
transforming...
[32mΓ£ô[39m 1697 modules transformed.
rendering chunks...
computing gzip size...
[2mdist/[22m[32mindex.html                 [39m[1m[2m  0.49 kB[22m[1m[22m[2m Γöé gzip:  0.32 kB[22m
[2mdist/[22m[35massets/index-C-FaK-zm.css  [39m[1m[2m 12.88 kB[22m[1m[22m[2m Γöé gzip:  3.32 kB[22m
[2mdist/[22m[36massets/index-CFceema-.js   [39m[1m[2m350.38 kB[22m[1m[22m[2m Γöé gzip: 99.39 kB[22m
[32mΓ£ô built in 2.73s[39m
   Compiling almoxarifado-desktop v1.0.0 (C:\Dev\app.pse\almoxarifado-desktop\src-tauri)
warning: unused imports: `CStr` and `CString`
 --> src\biometric_sdk.rs:1:16
  |
1 | use std::ffi::{CStr, CString};
  |                ^^^^  ^^^^^^^
  |
  = note: `#[warn(unused_imports)]` on by default

warning: unused imports: `c_char`, `c_int`, `c_uchar`, and `c_uint`
 --> src\biometric_sdk.rs:2:20
  |
2 | use std::os::raw::{c_char, c_int, c_uchar, c_uint};
  |                    ^^^^^^  ^^^^^  ^^^^^^^  ^^^^^^

warning: function `score_to_percent` is never used
  --> src\biometric_sdk.rs:36:8
   |
36 | pub fn score_to_percent(score: i32) -> i32 {
   |        ^^^^^^^^^^^^^^^^
   |
   = note: `#[warn(dead_code)]` on by default

warning: function `terminate_sdk` is never used
  --> src\biometric_sdk.rs:79:8
   |
79 | pub fn terminate_sdk() {
   |        ^^^^^^^^^^^^^

warning: fields `id` and `quality` are never read
 --> src\biometric_service.rs:7:5
  |
6 | struct RemoteTemplate {
  |        -------------- fields in this struct
7 |     id: String,
  |     ^^
8 |     template: String,
9 |     quality: i32,
  |     ^^^^^^^

warning: `almoxarifado-desktop` (bin "almoxarifado-desktop") generated 5 warnings (run `cargo 
fix --bin "almoxarifado-desktop"` to apply 2 suggestions)
    Finished `release` profile [optimized] target(s) in 51.23s
       Built application at: C:\cargo-target\release\almoxarifado-desktop.exe
        Info Patching binary "C:\\cargo-target\\release\\almoxarifado-desktop.exe" for type msi
        Info Target: x64
failed to bundle project `Couldn't find a .ico icon`
       Error failed to bundle project `Couldn't find a .ico icon`
